1
 CONTIN - VERSION 2DP (AUG 1982) ( PCS-1 PACK)       NINTT                   1.                                                     

 REFERENCES - S.W. PROVENCHER (1982) COMPUT. PHYS. COMMUN., VOL. 27, PAGES 213-227, 229-242.
                              (1982) EMBL TECHNICAL REPORT DA05 (EUROPEAN MOLECULAR BIOLOGY LABORATORY, HEIDELBERG, F.R. OF GERMANY)


                    INPUT DATA FOR CHANGES TO COMMON VARIABLES

 IFORMY    0    0.00000E+00
 (E15.9)                                                               

 DOUSIN    0   -1.00000E+00

 NG        0    5.00000E+01

 GMNMX     1    5.00670E+00

 GMNMX     2    2.00000E+04

 NLINF     0    2.00000E+00

 PRY       0   -1.00000E+00

 MPKMOM    0    8.00000E+00

 MOMNMX    1    0.00000E+00

 MOMNMX    2    2.00000E+00

 IPLRES    1    0.00000E+00

 IPLRES    2    0.00000E+00

 IPLFIT    1    0.00000E+00

 IPLFIT    2    0.00000E+00

 ALPST     1    0.00000E+00

 ALPST     2    0.00000E+00

 IPRINT    1    0.00000E+00

 IPRINT    2    2.00000E+00

 NERFIT    0    0.00000E+00

 IUSER    10    4.00000E+00

 RUSER    21    1.00000E+00

 RUSER    22    1.00000E+00

 RUSER    23    0.00000E+00

 LUSER     3   -1.00000E+00

 END       0    0.00000E+00
 NSTEND 5992    0.00000E+00    9.98500E-02


 
                                        FINAL VALUES OF CONTROL VARIABLES
 DFMIN  = 2.00000E+00
 SRMIN  = 1.00000E-02
 ALPST  = 0.00000E+00 0.00000E+00
 GMNMX  = 5.00670E+00 2.00000E+04
 PLEVEL = 5.00000E-01 5.00000E-01 5.00000E-01 5.00000E-01
 RSVMNX = 1.00000E+00 1.00000E+00 0.00000E+00 0.00000E+00
 RUSER  = 0.00000E+00 0.00000E+00 0.00000E+00 0.00000E+00 0.00000E+00 0.00000E+00 0.00000E+00 0.00000E+00 0.00000E+00 0.00000E+00
          0.00000E+00 0.00000E+00 0.00000E+00 0.00000E+00 0.00000E+00 0.00000E+00 0.00000E+00 0.00000E+00 0.00000E+00 0.00000E+00
          1.00000E+00 1.00000E+00 0.00000E+00 0.00000E+00 0.00000E+00 0.00000E+00 0.00000E+00 0.00000E+00 0.00000E+00 0.00000E+00
          0.00000E+00 0.00000E+00 0.00000E+00 0.00000E+00 0.00000E+00 0.00000E+00 0.00000E+00 0.00000E+00 0.00000E+00 0.00000E+00
          0.00000E+00 0.00000E+00 0.00000E+00 0.00000E+00 0.00000E+00 0.00000E+00 0.00000E+00 0.00000E+00 0.00000E+00 0.00000E+00
          1.00000E+00 1.00000E+00 1.00000E+00 1.00000E+00 1.00000E+00 1.00000E+00 1.00000E+00 1.00000E+00 1.00000E+00 1.00000E+00
          1.00000E+00 1.00000E+00 1.00000E+00 1.00000E+00 1.00000E+00 1.00000E+00 1.00000E+00 1.00000E+00 1.00000E+00 1.00000E+00
          1.00000E+00 1.00000E+00 1.00000E+00 1.00000E+00 1.00000E+00 1.00000E+00 1.00000E+00 1.00000E+00 1.00000E+00 1.00000E+00
          1.00000E+00 1.00000E+00 1.00000E+00 1.00000E+00 1.00000E+00 1.00000E+00 1.00000E+00 1.00000E+00 1.00000E+00 1.00000E+00
          1.00000E+00 1.00000E+00 1.00000E+00 1.00000E+00 1.00000E+00 1.00000E+00 1.00000E+00 1.00000E+00 1.00000E+00 1.00000E+00
          0.00000E+00 0.00000E+00 0.00000E+00 0.00000E+00 0.00000E+00 0.00000E+00 0.00000E+00 0.00000E+00 0.00000E+00 0.00000E+00
          0.00000E+00 0.00000E+00 0.00000E+00 0.00000E+00 0.00000E+00 0.00000E+00 0.00000E+00 0.00000E+00 0.00000E+00 0.00000E+00
          0.00000E+00 0.00000E+00 0.00000E+00 0.00000E+00 0.00000E+00 0.00000E+00 0.00000E+00 0.00000E+00 0.00000E+00 0.00000E+00
          0.00000E+00 0.00000E+00 0.00000E+00 0.00000E+00 0.00000E+00 0.00000E+00 0.00000E+00 0.00000E+00 0.00000E+00 0.00000E+00
          0.00000E+00 0.00000E+00 0.00000E+00 0.00000E+00 0.00000E+00 0.00000E+00 0.00000E+00 0.00000E+00 0.00000E+00 0.00000E+00
          0.00000E+00 0.00000E+00 0.00000E+00 0.00000E+00 0.00000E+00 0.00000E+00 0.00000E+00 0.00000E+00 0.00000E+00 0.00000E+00
          0.00000E+00 0.00000E+00 0.00000E+00 0.00000E+00 0.00000E+00 0.00000E+00 0.00000E+00 0.00000E+00 0.00000E+00 0.00000E+00
          0.00000E+00 0.00000E+00 0.00000E+00 0.00000E+00 0.00000E+00 0.00000E+00 0.00000E+00 0.00000E+00 0.00000E+00 0.00000E+00
          0.00000E+00 0.00000E+00 0.00000E+00 0.00000E+00 0.00000E+00 0.00000E+00 0.00000E+00 0.00000E+00 0.00000E+00 0.00000E+00
          0.00000E+00 0.00000E+00 0.00000E+00 0.00000E+00 0.00000E+00 0.00000E+00 0.00000E+00 0.00000E+00 0.00000E+00 0.00000E+00
          0.00000E+00 0.00000E+00 0.00000E+00 0.00000E+00 0.00000E+00 0.00000E+00 0.00000E+00 0.00000E+00 0.00000E+00 0.00000E+00
          0.00000E+00 0.00000E+00 0.00000E+00 0.00000E+00 0.00000E+00 0.00000E+00 0.00000E+00 0.00000E+00 0.00000E+00 0.00000E+00
          0.00000E+00 0.00000E+00 0.00000E+00 0.00000E+00 0.00000E+00 0.00000E+00 0.00000E+00 0.00000E+00 0.00000E+00 0.00000E+00
          0.00000E+00 0.00000E+00 0.00000E+00 0.00000E+00 0.00000E+00 0.00000E+00 0.00000E+00 0.00000E+00 0.00000E+00 0.00000E+00
          0.00000E+00 0.00000E+00 0.00000E+00 0.00000E+00 0.00000E+00 0.00000E+00 0.00000E+00 0.00000E+00 0.00000E+00 0.00000E+00
 IGRID  =           2
 IQUAD  =           3
 IUNIT  =          -1
 IWT    =           1
 LINEPG =          60
 MIOERR =           5
 MPKMOM =           8
 MQPITR =          35
 NEQ    =           0
 NERFIT =           0
 NG     =          50
 NINTT  =           1
 NLINF  =           2
 NORDER =           2
 ICRIT  =           1           1
 IFORMT = (5E15.6)                                                              
 IFORMW = (5E15.6)                                                              
 IFORMY = (E15.9)                                                               
 IPLFIT =           0           0
 IPLRES =           0           0
 IPRINT =           0           2
 IUSER  =           0           0           0           0           0           0           0           0           0           4
                    0           0           0           0           0           0           0          50           0           0
                    0           0           0           0           0           0           0           0           0           0
                    0           0           0           0           0           0           0           0           0           0
                    0           0           0           0           0           0           0           0           0           0
 IUSROU =           0           0
 LSIGN  =           0           0           0           0           0           0           0           0           0           0
                    0           0           0           0           0           0
 MOMNMX =           0           2
 NENDZ  =           2           2
 NFLAT  =           0           0           0           0           0           0           0           0
 NNSGN  =           0           0
 NQPROG =           6           6
 NSGN   =           0           0           0           0
 DOCHOS =           T
 DOMOM  =           T
 DOUSIN =           F
 DOUSNQ =           F
 LAST   =           T
 NEWPG1 =           T
 NONNEG =           T
 ONLY1  =           T
 PRWT   =           T
 PRY    =           F
 SIMULA =           F
 LUSER  =           F           F           F           T           F           F           F           F           F           F
                    F           F           F           F           F           F           F           F           F           F
                    F           F           F           F           F           F           F           F           F           F
0PRECIS = 1.49D-15          SRANGE = 1.00E+38     RANGE = 1.00+300


   GRID POINT     MIN IN MATRIX A    AT T =     MAX IN MATRIX A    AT T =     SCALE FACTOR
   5.0067E+00          1.7132D-01  9.99D-02          2.8244D-01  0.00D+00        1.054D-04
   5.9300E+00          7.4018D-01  9.99D-02          1.3381D+00  0.00D+00        1.054D-04
   7.0235E+00          3.9300D-01  9.99D-02          7.9243D-01  0.00D+00        1.054D-04
   8.3186E+00          8.1800D-01  9.99D-02          1.8771D+00  0.00D+00        1.054D-04
   9.8526E+00          4.1563D-01  9.99D-02          1.1116D+00  0.00D+00        1.054D-04
   1.1669E+01          8.2119D-01  9.99D-02          2.6332D+00  0.00D+00        1.054D-04
   1.3821E+01          3.9228D-01  9.99D-02          1.5594D+00  0.00D+00        1.054D-04
   1.6370E+01          7.2045D-01  9.99D-02          3.6939D+00  0.00D+00        1.054D-04
   1.9389E+01          3.1562D-01  9.99D-02          2.1875D+00  0.00D+00        1.054D-04
   2.2964E+01          5.2318D-01  9.99D-02          5.1819D+00  0.00D+00        1.054D-04
   2.7199E+01          2.0300D-01  9.99D-02          3.0687D+00  0.00D+00        1.054D-04
   3.2214E+01          2.9142D-01  9.99D-02          7.2692D+00  0.00D+00        1.054D-04
   3.8155E+01          9.5364D-02  9.99D-02          4.3048D+00  0.00D+00        1.054D-04
   4.5190E+01          1.1189D-01  9.99D-02          1.0197D+01  0.00D+00        1.054D-04
   5.3524E+01          2.8834D-02  9.99D-02          6.0389D+00  0.00D+00        1.054D-04
   6.3394E+01          2.5493D-02  9.99D-02          1.4305D+01  0.00D+00        1.054D-04
   7.5084E+01          4.6985D-03  9.99D-02          8.4714D+00  0.00D+00        1.054D-04
   8.8929E+01          2.7930D-03  9.99D-02          2.0067D+01  0.00D+00        1.054D-04
   1.0533E+02          3.2167D-04  9.99D-02          1.1884D+01  0.00D+00        1.054D-04
   1.2475E+02          1.0956D-04  9.99D-02          2.8150D+01  0.00D+00        1.054D-04
   1.4776E+02          6.5245D-06  9.99D-02          1.6671D+01  0.00D+00        1.054D-04
   1.7500E+02          1.0175D-06  9.99D-02          3.9490D+01  0.00D+00        1.054D-04
   2.0727E+02          2.4020D-08  9.99D-02          2.3386D+01  0.00D+00        1.054D-04
   2.4549E+02          1.2520D-09  9.99D-02          5.5396D+01  0.00D+00        1.054D-04
   2.9076E+02          8.0715D-12  9.99D-02          3.2806D+01  0.00D+00        1.054D-04
   3.4438E+02          9.0437D-14  9.99D-02          7.7711D+01  0.00D+00        1.054D-04
   4.0789E+02          9.4387D-17  9.99D-02          4.6020D+01  0.00D+00        1.054D-04
   4.8310E+02          1.2238D-19  9.99D-02          1.0901D+02  0.00D+00        1.054D-04
   5.7219E+02          9.9306D-24  9.99D-02          6.4558D+01  0.00D+00        1.054D-04
   6.7770E+02          6.2504D-28  9.99D-02          1.5293D+02  0.00D+00        1.054D-04
   8.0267E+02          1.4094D-33  9.99D-02          9.0562D+01  0.00D+00        1.054D-04
   9.5069E+02          0.0000D+00  9.21D-02          2.1452D+02  0.00D+00        1.054D-04
   1.1260E+03          0.0000D+00  7.77D-02          1.2704D+02  0.00D+00        1.054D-04
   1.3336E+03          0.0000D+00  6.56D-02          3.0094D+02  0.00D+00        1.054D-04
   1.5796E+03          0.0000D+00  5.54D-02          1.7822D+02  0.00D+00        1.054D-04
   1.8708E+03          0.0000D+00  4.68D-02          4.2216D+02  0.00D+00        1.054D-04
   2.2158E+03          0.0000D+00  3.95D-02          2.5000D+02  0.00D+00        1.054D-04
   2.6244E+03          0.0000D+00  3.34D-02          5.9221D+02  0.00D+00        1.054D-04
   3.1084E+03          0.0000D+00  2.82D-02          3.5071D+02  0.00D+00        1.054D-04
   3.6816E+03          0.0000D+00  2.38D-02          8.3076D+02  0.00D+00        1.054D-04
   4.3605E+03          0.0000D+00  2.01D-02          4.9198D+02  0.00D+00        1.054D-04
   5.1646E+03          0.0000D+00  1.70D-02          1.1654D+03  0.00D+00        1.054D-04
   6.1169E+03          0.0000D+00  1.43D-02          6.9015D+02  0.00D+00        1.054D-04
   7.2449E+03          0.0000D+00  1.21D-02          1.6348D+03  0.00D+00        1.054D-04
   8.5809E+03          0.0000D+00  1.02D-02          9.6815D+02  0.00D+00        1.054D-04
   1.0163E+04          0.0000D+00  8.62D-03          2.2934D+03  0.00D+00        1.054D-04
   1.2037E+04          0.0000D+00  7.28D-03          1.3581D+03  0.00D+00        1.054D-04
   1.4257E+04          0.0000D+00  6.15D-03          3.2171D+03  0.00D+00        1.054D-04
   1.6886E+04          0.0000D+00  5.18D-03          2.3815D+03  0.00D+00        1.054D-04
   2.0000E+04          0.0000D+00  4.38D-03          1.6924D+03  0.00D+00        1.054D-04
  NLINF TERMS          1.0000D+00  0.00D+00          1.0000D+00  0.00D+00        1.669D-04
  NLINF TERMS          0.0000D+00  0.00D+00          9.9852D-02  9.99D-02        3.343D-03
0SCALE FACTOR FOR ALPHA =  1.282E+05

   2 UNREGULARIZED VARIABLES

 SINGULAR VALUES
     2.892E+04    7.660E+03    3.643E+00    6.751E-01    1.761E-01    5.476E-02    1.895E-02    7.035E-03    2.748E-03    1.116E-03
     4.681E-04    2.018E-04    8.866E-05    3.920E-05    1.725E-05    7.522E-06    3.273E-06    1.449E-06    6.702E-07    3.131E-07
     1.347E-07    5.190E-08    2.362E-08    9.898E-09    4.356E-09    1.644E-09    7.113E-10    3.145E-10    1.429E-10    1.140E-10
     9.523E-11    6.857E-11    5.311E-11    4.771E-11    3.930E-11    3.815E-11    3.133E-11    2.866E-11    2.409E-11    2.195E-11
     1.933E-11    1.880E-11    1.530E-11    1.327E-11    1.125E-11    1.058E-11    9.119E-12    7.052E-12    5.477E-12    4.336E-12
     2.990E-12    1.463E-12
0MAX. ITERATIONS IN NNLS FOR ALPHA/S(1) = 1.49E-15
 * 5.01E-09      1.73E-13    1.12538E-02    1.12538E-02      1.372E-03         12.998               .000              1.000
0(FOR ALPHA/S(1) = 1.73E-13) PRUNS =  .2024         PUNCOR =   .4256  -.0007   .5688   .0352   .8680
   5.82E-07      2.01E-11    1.12550E-02    1.12545E-02      1.372E-03         13.438               .000              1.000
0(FOR ALPHA/S(1) = 2.01E-11) PRUNS =  .2025         PUNCOR =   .4228   .0008   .5654   .0346   .8640
   6.77E-05      2.34E-09    1.16056E-02    1.13528E-02      1.378E-03         10.532               .999              1.000
0(FOR ALPHA/S(1) = 2.34E-09) PRUNS =  .1330         PUNCOR =   .1428  -.0003   .2170   .0064   .4020
   7.87E-03      2.72E-07    3.71143E-01    1.03855E-01      4.166E-03          6.948              1.000              1.000
0(FOR ALPHA/S(1) = 2.72E-07) PRUNS =  .0000         PUNCOR =   .0000   .0000   .0000   .0000   .0000
   9.15E-01      3.16E-05    2.44088E+01    1.91968E+01      5.662E-02          3.258              1.000              1.000
0(FOR ALPHA/S(1) = 3.16E-05) PRUNS =  .0000         PUNCOR =   .0000   .0000   .0000   .0000   .0000
   1.15E-06      3.97E-11    1.12556E-02    1.12551E-02      1.372E-03         13.224               .000              1.000
0(FOR ALPHA/S(1) = 3.97E-11) PRUNS =  .1751         PUNCOR =   .4203  -.0001   .5630   .0338   .8607
   2.27E-06      7.83E-11    1.12566E-02    1.12554E-02      1.372E-03         12.989               .000              1.000
0(FOR ALPHA/S(1) = 7.83E-11) PRUNS =  .2029         PUNCOR =   .4182   .0007   .5608   .0339   .8588
   4.47E-06      1.55E-10    1.12593E-02    1.12560E-02      1.372E-03         12.790               .000               .950
0(FOR ALPHA/S(1) = 1.55E-10) PRUNS =  .1886         PUNCOR =   .4143   .0007   .5561   .0326   .8545
   8.82E-06      3.05E-10    1.12681E-02    1.12570E-02      1.372E-03         12.350               .000               .885
0(FOR ALPHA/S(1) = 3.05E-10) PRUNS =  .2098         PUNCOR =   .4094   .0003   .5524   .0327   .8497
   1.74E-05      6.01E-10    1.12972E-02    1.12611E-02      1.372E-03         12.123               .008               .961
0(FOR ALPHA/S(1) = 6.01E-10) PRUNS =  .2250         PUNCOR =   .3904   .0000   .5323   .0309   .8277
   3.43E-05      1.19E-09    1.13825E-02    1.12833E-02      1.374E-03         11.509               .736               .999
0(FOR ALPHA/S(1) = 1.19E-09) PRUNS =  .1959         PUNCOR =   .3126   .0007   .4382   .0216   .7125
1CONTIN VERSION 2DP (AUG 1982) ( PCS-1 PACKAGE)  ++++++++++++++++++++++++++++++++  CHOSEN SOLUTION  ++++++++++++++++++++++++++++++++
 
           NINTT                   1.                                                     

      ALPHA    ALPHA/S(1)     OBJ. FCTN.       VARIANCE      STD. DEV.    DEG FREEDOM    PROB1 TO REJECT    PROB2 TO REJECT
   3.43E-05      1.19E-09    1.13825E-02    1.12833E-02      1.374E-03         11.509               .736               .999

    ORDINATE    ERROR  ABSCISSA
   0.000E+00  8.9D-21  5.007E+00
   0.000E+00  2.0D-20  5.930E+00
   0.000E+00  2.4D-20  7.023E+00
   0.000E+00  4.1D-20  8.319E+00
   0.000E+00  3.7D-20  9.853E+00
   0.000E+00  2.5D-20  1.167E+01
   0.000E+00  1.6D-20  1.382E+01
   1.906E-04  5.0D-05  1.637E+01
   7.590E-04  1.1D-04  1.939E+01
   1.766E-03  1.5D-04  2.296E+01
   3.200E-03  1.5D-04  2.720E+01
   4.888E-03  1.1D-04  3.221E+01
   6.588E-03  5.2D-05  3.815E+01
   7.961E-03  4.8D-05  4.519E+01
   8.667E-03  9.5D-05  5.352E+01
   8.488E-03  1.1D-04  6.339E+01
   7.333E-03  8.7D-05  7.508E+01
   5.457E-03  3.7D-05  8.893E+01
   3.279E-03  4.7D-05  1.053E+02
   1.389E-03  7.6D-05  1.248E+02
   3.043E-04  5.1D-05  1.478E+02
   0.000E+00  9.8D-20  1.750E+02
   0.000E+00  1.3D-19  2.073E+02
   0.000E+00  9.0D-20  2.455E+02
   7.948E-05  3.2D-05  2.908E+02
   2.973E-04  4.5D-05  3.444E+02
   5.134E-04  3.6D-05  4.079E+02
   5.690E-04  3.3D-05  4.831E+02
   4.051E-04  3.7D-05  5.722E+02
   1.656E-04  5.1D-05  6.777E+02
   1.867E-05  3.9D-05  8.027E+02
   0.000E+00  1.4D-19  9.507E+02
   3.599E-05  4.7D-05  1.126E+03
   9.609E-05  5.9D-05  1.334E+03
   1.268E-04  2.7D-05  1.580E+03
   1.218E-04  4.0D-05  1.871E+03
   1.007E-04  5.4D-05  2.216E+03
   7.959E-05  3.5D-05  2.624E+03
   5.601E-05  2.5D-05  3.108E+03
   2.389E-05  4.1D-05  3.682E+03
   0.000E+00  5.0D-20  4.360E+03
   0.000E+00  4.5D-20  5.165E+03
   1.326E-06  2.1D-05  6.117E+03
   8.226E-05  1.6D-05  7.245E+03
   1.141E-04  2.2D-05  8.581E+03
   1.497E-05  1.1D-05  1.016E+04
   0.000E+00  9.5D-20  1.204E+04
   0.000E+00  1.9D-20  1.426E+04
   0.000E+00  1.4D-20  1.689E+04
   0.000E+00  1.6D-20  2.000E+04
0LINEAR COEFFICIENTS =  -6.9005E-03 +-  9.6D-04          4.7735E-02 +-  8.0D-03
0PEAK 1 GOES FROM  5.007E+00 TO  2.455E+02   J         MOMENT(J)        PERCENT ERROR          M(J)/M(J-1)   PERCENT ERROR    J
                                             0    5.9494 X (10**  -1)         3.7E-01
                                             1    4.1049 X (10**   1)         6.8E-01           6.8998E+01         1.1E+00    1
                                             2    3.2626 X (10**   3)         1.3E+00           7.9480E+01         2.0E+00    2
0PEAK 2 GOES FROM  2.908E+02 TO  9.507E+02   J         MOMENT(J)        PERCENT ERROR          M(J)/M(J-1)   PERCENT ERROR    J
                                             0    1.6453 X (10**  -1)         4.7E+00
                                             1    8.1800 X (10**   1)         8.6E+00           4.9716E+02         1.3E+01    1
                                             2    4.2649 X (10**   4)         1.3E+01           5.2138E+02         2.2E+01    2
0PEAK 3 GOES FROM  1.126E+03 TO  5.165E+03   J         MOMENT(J)        PERCENT ERROR          M(J)/M(J-1)   PERCENT ERROR    J
                                             0    2.1928 X (10**  -1)         9.7E+00
                                             1    4.8918 X (10**   2)         1.7E+01           2.2308E+03         2.6E+01    1
                                             2    1.2006 X (10**   6)         2.9E+01           2.4542E+03         4.6E+01    2
0PEAK 4 GOES FROM  6.117E+03 TO  2.000E+04   J         MOMENT(J)        PERCENT ERROR          M(J)/M(J-1)   PERCENT ERROR    J
                                             0    2.8015 X (10**  -1)         5.6E+00
                                             1    2.2764 X (10**   3)         2.8E+00           8.1254E+03         8.4E+00    1
                                             2    1.8770 X (10**   7)         2.3E+00           8.2456E+03         5.1E+00    2

                MOMENTS OF ENTIRE SOLUTION   J         MOMENT(J)        PERCENT ERROR          M(J)/M(J-1)   PERCENT ERROR    J
                                             0    1.2589 X (10**   0)         2.2E+00
                                             1    2.8884 X (10**   3)         3.6E+00           2.2944E+03         5.8E+00    1
                                             2    2.0016 X (10**   7)         2.8E+00           6.9299E+03         6.4E+00    2
